   1               		.file	"main.c"
   2               	__SP_H__ = 0x3e
   3               	__SP_L__ = 0x3d
   4               	__SREG__ = 0x3f
   5               	__tmp_reg__ = 0
   6               	__zero_reg__ = 1
   7               		.text
   8               	.Ltext0:
   9               		.cfi_sections	.debug_frame
  10               		.section	.text.startup,"ax",@progbits
  11               	.global	main
  13               	main:
  14               	.LFB0:
  15               		.file 1 "src/main.c"
   1:src/main.c    **** #define F_CPU 1000000UL
   2:src/main.c    **** #include <avr/io.h>
   3:src/main.c    **** 
   4:src/main.c    **** int main(void)
   5:src/main.c    **** {
  16               		.loc 1 5 0
  17               		.cfi_startproc
  18               	/* prologue: function */
  19               	/* frame size = 0 */
  20               	/* stack size = 0 */
  21               	.L__stack_usage = 0
  22               	.L2:
   6:src/main.c    **** 	while(1)
   7:src/main.c    **** 	{
   8:src/main.c    **** 
   9:src/main.c    **** 	}
  23               		.loc 1 9 0 discriminator 1
  24 0000 00C0      		rjmp .L2
  25               		.cfi_endproc
  26               	.LFE0:
  28               		.text
  29               	.Letext0:
DEFINED SYMBOLS
                            *ABS*:0000000000000000 main.c
     /tmp/ccbPkAfq.s:2      *ABS*:000000000000003e __SP_H__
     /tmp/ccbPkAfq.s:3      *ABS*:000000000000003d __SP_L__
     /tmp/ccbPkAfq.s:4      *ABS*:000000000000003f __SREG__
     /tmp/ccbPkAfq.s:5      *ABS*:0000000000000000 __tmp_reg__
     /tmp/ccbPkAfq.s:6      *ABS*:0000000000000001 __zero_reg__
     /tmp/ccbPkAfq.s:13     .text.startup:0000000000000000 main

NO UNDEFINED SYMBOLS
